Archive member included to satisfy reference by file (symbol)

f:/ac6/systemworkbench/plugins/fr.ac6.mcu.externaltools.arm-none.win32_1.13.1.201701261202/tools/compiler/bin/../lib/gcc/arm-none-eabi/5.4.1/../../../../arm-none-eabi/lib/armv7-m\libc_nano.a(lib_a-exit.o)
                              f:/ac6/systemworkbench/plugins/fr.ac6.mcu.externaltools.arm-none.win32_1.13.1.201701261202/tools/compiler/bin/../lib/gcc/arm-none-eabi/5.4.1/../../../../arm-none-eabi/lib/armv7-m/crt0.o (exit)
f:/ac6/systemworkbench/plugins/fr.ac6.mcu.externaltools.arm-none.win32_1.13.1.201701261202/tools/compiler/bin/../lib/gcc/arm-none-eabi/5.4.1/../../../../arm-none-eabi/lib/armv7-m\libc_nano.a(lib_a-impure.o)
                              f:/ac6/systemworkbench/plugins/fr.ac6.mcu.externaltools.arm-none.win32_1.13.1.201701261202/tools/compiler/bin/../lib/gcc/arm-none-eabi/5.4.1/../../../../arm-none-eabi/lib/armv7-m\libc_nano.a(lib_a-exit.o) (_global_impure_ptr)
f:/ac6/systemworkbench/plugins/fr.ac6.mcu.externaltools.arm-none.win32_1.13.1.201701261202/tools/compiler/bin/../lib/gcc/arm-none-eabi/5.4.1/../../../../arm-none-eabi/lib/armv7-m\libc_nano.a(lib_a-init.o)
                              f:/ac6/systemworkbench/plugins/fr.ac6.mcu.externaltools.arm-none.win32_1.13.1.201701261202/tools/compiler/bin/../lib/gcc/arm-none-eabi/5.4.1/../../../../arm-none-eabi/lib/armv7-m/crt0.o (__libc_init_array)
f:/ac6/systemworkbench/plugins/fr.ac6.mcu.externaltools.arm-none.win32_1.13.1.201701261202/tools/compiler/bin/../lib/gcc/arm-none-eabi/5.4.1/../../../../arm-none-eabi/lib/armv7-m\libc_nano.a(lib_a-memset.o)
                              f:/ac6/systemworkbench/plugins/fr.ac6.mcu.externaltools.arm-none.win32_1.13.1.201701261202/tools/compiler/bin/../lib/gcc/arm-none-eabi/5.4.1/../../../../arm-none-eabi/lib/armv7-m/crt0.o (memset)
f:/ac6/systemworkbench/plugins/fr.ac6.mcu.externaltools.arm-none.win32_1.13.1.201701261202/tools/compiler/bin/../lib/gcc/arm-none-eabi/5.4.1/../../../../arm-none-eabi/lib/armv7-m\libc_nano.a(lib_a-strtol.o)
                              Src/main.o (strtol)
f:/ac6/systemworkbench/plugins/fr.ac6.mcu.externaltools.arm-none.win32_1.13.1.201701261202/tools/compiler/bin/../lib/gcc/arm-none-eabi/5.4.1/../../../../arm-none-eabi/lib/armv7-m\libc_nano.a(lib_a-locale.o)
                              f:/ac6/systemworkbench/plugins/fr.ac6.mcu.externaltools.arm-none.win32_1.13.1.201701261202/tools/compiler/bin/../lib/gcc/arm-none-eabi/5.4.1/../../../../arm-none-eabi/lib/armv7-m\libc_nano.a(lib_a-strtol.o) (__locale_ctype_ptr_l)
f:/ac6/systemworkbench/plugins/fr.ac6.mcu.externaltools.arm-none.win32_1.13.1.201701261202/tools/compiler/bin/../lib/gcc/arm-none-eabi/5.4.1/../../../../arm-none-eabi/lib/armv7-m\libc_nano.a(lib_a-mbtowc_r.o)
                              f:/ac6/systemworkbench/plugins/fr.ac6.mcu.externaltools.arm-none.win32_1.13.1.201701261202/tools/compiler/bin/../lib/gcc/arm-none-eabi/5.4.1/../../../../arm-none-eabi/lib/armv7-m\libc_nano.a(lib_a-locale.o) (__ascii_mbtowc)
f:/ac6/systemworkbench/plugins/fr.ac6.mcu.externaltools.arm-none.win32_1.13.1.201701261202/tools/compiler/bin/../lib/gcc/arm-none-eabi/5.4.1/../../../../arm-none-eabi/lib/armv7-m\libc_nano.a(lib_a-strcmp.o)
                              f:/ac6/systemworkbench/plugins/fr.ac6.mcu.externaltools.arm-none.win32_1.13.1.201701261202/tools/compiler/bin/../lib/gcc/arm-none-eabi/5.4.1/../../../../arm-none-eabi/lib/armv7-m\libc_nano.a(lib_a-locale.o) (strcmp)
f:/ac6/systemworkbench/plugins/fr.ac6.mcu.externaltools.arm-none.win32_1.13.1.201701261202/tools/compiler/bin/../lib/gcc/arm-none-eabi/5.4.1/../../../../arm-none-eabi/lib/armv7-m\libc_nano.a(lib_a-wctomb_r.o)
                              f:/ac6/systemworkbench/plugins/fr.ac6.mcu.externaltools.arm-none.win32_1.13.1.201701261202/tools/compiler/bin/../lib/gcc/arm-none-eabi/5.4.1/../../../../arm-none-eabi/lib/armv7-m\libc_nano.a(lib_a-locale.o) (__ascii_wctomb)
f:/ac6/systemworkbench/plugins/fr.ac6.mcu.externaltools.arm-none.win32_1.13.1.201701261202/tools/compiler/bin/../lib/gcc/arm-none-eabi/5.4.1/../../../../arm-none-eabi/lib/armv7-m\libc_nano.a(lib_a-ctype_.o)
                              f:/ac6/systemworkbench/plugins/fr.ac6.mcu.externaltools.arm-none.win32_1.13.1.201701261202/tools/compiler/bin/../lib/gcc/arm-none-eabi/5.4.1/../../../../arm-none-eabi/lib/armv7-m\libc_nano.a(lib_a-locale.o) (_ctype_)
f:/ac6/systemworkbench/plugins/fr.ac6.mcu.externaltools.arm-none.win32_1.13.1.201701261202/tools/compiler/bin/../lib/gcc/arm-none-eabi/5.4.1/../../../../arm-none-eabi/lib/armv7-m\libnosys.a(_exit.o)
                              f:/ac6/systemworkbench/plugins/fr.ac6.mcu.externaltools.arm-none.win32_1.13.1.201701261202/tools/compiler/bin/../lib/gcc/arm-none-eabi/5.4.1/../../../../arm-none-eabi/lib/armv7-m\libc_nano.a(lib_a-exit.o) (_exit)

Allocating common symbols
Common symbol       size              file

hUsbDeviceFS        0x224             Src/usb_device.o
[...]
Memory Configuration

Name             Origin             Length             Attributes
RAM              0x20000000         0x00005000         xrw
FLASH            0x08000000         0x00020000         xr
*default*        0x00000000         0xffffffff

Linker script and memory map

LOAD f:/ac6/systemworkbench/plugins/fr.ac6.mcu.externaltools.arm-none.win32_1.13.1.201701261202/tools/compiler/bin/../lib/gcc/arm-none-eabi/5.4.1/armv7-m/crti.o
LOAD f:/ac6/systemworkbench/plugins/fr.ac6.mcu.externaltools.arm-none.win32_1.13.1.201701261202/tools/compiler/bin/../lib/gcc/arm-none-eabi/5.4.1/armv7-m/crtbegin.o
LOAD f:/ac6/systemworkbench/plugins/fr.ac6.mcu.externaltools.arm-none.win32_1.13.1.201701261202/tools/compiler/bin/../lib/gcc/arm-none-eabi/5.4.1/../../../../arm-none-eabi/lib/armv7-m/crt0.o
LOAD f:/ac6/systemworkbench/plugins/fr.ac6.mcu.externaltools.arm-none.win32_1.13.1.201701261202/tools/compiler/bin/../lib/gcc/arm-none-eabi/5.4.1/../../../../arm-none-eabi/lib/armv7-m\libm.a
LOAD Drivers/STM32F1xx_HAL_Driver/Src/stm32f1xx_hal.o
LOAD Drivers/STM32F1xx_HAL_Driver/Src/stm32f1xx_hal_cortex.o
LOAD Drivers/STM32F1xx_HAL_Driver/Src/stm32f1xx_hal_dma.o
LOAD Drivers/STM32F1xx_HAL_Driver/Src/stm32f1xx_hal_flash.o
LOAD Drivers/STM32F1xx_HAL_Driver/Src/stm32f1xx_hal_flash_ex.o
LOAD Drivers/STM32F1xx_HAL_Driver/Src/stm32f1xx_hal_gpio.o
LOAD Drivers/STM32F1xx_HAL_Driver/Src/stm32f1xx_hal_gpio_ex.o
LOAD Drivers/STM32F1xx_HAL_Driver/Src/stm32f1xx_hal_pcd.o
LOAD Drivers/STM32F1xx_HAL_Driver/Src/stm32f1xx_hal_pcd_ex.o
LOAD Drivers/STM32F1xx_HAL_Driver/Src/stm32f1xx_hal_pwr.o
LOAD Drivers/STM32F1xx_HAL_Driver/Src/stm32f1xx_hal_rcc.o
LOAD Drivers/STM32F1xx_HAL_Driver/Src/stm32f1xx_hal_rcc_ex.o
LOAD Drivers/STM32F1xx_HAL_Driver/Src/stm32f1xx_hal_tim.o
LOAD Drivers/STM32F1xx_HAL_Driver/Src/stm32f1xx_hal_tim_ex.o
LOAD Drivers/STM32F1xx_HAL_Driver/Src/stm32f1xx_ll_usb.o
LOAD Middlewares/ST/STM32_USB_Device_Library/Class/CDC/Src/usbd_cdc.o
LOAD Middlewares/ST/STM32_USB_Device_Library/Core/Src/usbd_core.o
LOAD Middlewares/ST/STM32_USB_Device_Library/Core/Src/usbd_ctlreq.o
LOAD Middlewares/ST/STM32_USB_Device_Library/Core/Src/usbd_ioreq.o
LOAD Src/main.o
LOAD Src/stm32f1xx_hal_msp.o
LOAD Src/stm32f1xx_it.o
LOAD Src/system_stm32f1xx.o
LOAD Src/usb_device.o
LOAD Src/usbd_cdc_if.o
LOAD Src/usbd_conf.o
LOAD Src/usbd_desc.o
LOAD startup/startup_stm32f103xb.o
START GROUP
LOAD f:/ac6/systemworkbench/plugins/fr.ac6.mcu.externaltools.arm-none.win32_1.13.1.201701261202/tools/compiler/bin/../lib/gcc/arm-none-eabi/5.4.1/armv7-m\libgcc.a
LOAD f:/ac6/systemworkbench/plugins/fr.ac6.mcu.externaltools.arm-none.win32_1.13.1.201701261202/tools/compiler/bin/../lib/gcc/arm-none-eabi/5.4.1/../../../../arm-none-eabi/lib/armv7-m\libc_nano.a
END GROUP
START GROUP
LOAD f:/ac6/systemworkbench/plugins/fr.ac6.mcu.externaltools.arm-none.win32_1.13.1.201701261202/tools/compiler/bin/../lib/gcc/arm-none-eabi/5.4.1/armv7-m\libgcc.a
LOAD f:/ac6/systemworkbench/plugins/fr.ac6.mcu.externaltools.arm-none.win32_1.13.1.201701261202/tools/compiler/bin/../lib/gcc/arm-none-eabi/5.4.1/../../../../arm-none-eabi/lib/armv7-m\libc_nano.a
LOAD f:/ac6/systemworkbench/plugins/fr.ac6.mcu.externaltools.arm-none.win32_1.13.1.201701261202/tools/compiler/bin/../lib/gcc/arm-none-eabi/5.4.1/../../../../arm-none-eabi/lib/armv7-m\libnosys.a
END GROUP
START GROUP
LOAD f:/ac6/systemworkbench/plugins/fr.ac6.mcu.externaltools.arm-none.win32_1.13.1.201701261202/tools/compiler/bin/../lib/gcc/arm-none-eabi/5.4.1/armv7-m\libgcc.a
LOAD f:/ac6/systemworkbench/plugins/fr.ac6.mcu.externaltools.arm-none.win32_1.13.1.201701261202/tools/compiler/bin/../lib/gcc/arm-none-eabi/5.4.1/../../../../arm-none-eabi/lib/armv7-m\libc_nano.a
LOAD f:/ac6/systemworkbench/plugins/fr.ac6.mcu.externaltools.arm-none.win32_1.13.1.201701261202/tools/compiler/bin/../lib/gcc/arm-none-eabi/5.4.1/../../../../arm-none-eabi/lib/armv7-m\libnosys.a
END GROUP
LOAD f:/ac6/systemworkbench/plugins/fr.ac6.mcu.externaltools.arm-none.win32_1.13.1.201701261202/tools/compiler/bin/../lib/gcc/arm-none-eabi/5.4.1/armv7-m/crtend.o
LOAD f:/ac6/systemworkbench/plugins/fr.ac6.mcu.externaltools.arm-none.win32_1.13.1.201701261202/tools/compiler/bin/../lib/gcc/arm-none-eabi/5.4.1/armv7-m/crtn.o
                0x20005000                _estack = 0x20005000
                0x00000200                _Min_Heap_Size = 0x200
                0x00000400                _Min_Stack_Size = 0x400

.isr_vector     0x08000000      0x10c
                0x08000000                . = ALIGN (0x4)
 *(.isr_vector)
 .isr_vector    0x08000000      0x10c startup/startup_stm32f103xb.o
                0x08000000                g_pfnVectors
                0x0800010c                . = ALIGN (0x4)

.text           0x0800010c     0x3874
                0x0800010c                . = ALIGN (0x4)
 *(.text)
 .text          0x0800010c       0x5c f:/ac6/systemworkbench/plugins/fr.ac6.mcu.externaltools.arm-none.win32_1.13.1.201701261202/tools/compiler/bin/../lib/gcc/arm-none-eabi/5.4.1/armv7-m/crtbegin.o
 *(.text*)
 .text.HAL_InitTick
                0x08000168       0x28 Drivers/STM32F1xx_HAL_Driver/Src/stm32f1xx_hal.o
                0x08000168                HAL_InitTick
 .text.HAL_Init
                0x08000190       0x24 Drivers/STM32F1xx_HAL_Driver/Src/stm32f1xx_hal.o
                0x08000190                HAL_Init
 .text.HAL_IncTick
                0x080001b4       0x10 Drivers/STM32F1xx_HAL_Driver/Src/stm32f1xx_hal.o
                0x080001b4                HAL_IncTick
 .text.HAL_GetTick
                0x080001c4        0xc Drivers/STM32F1xx_HAL_Driver/Src/stm32f1xx_hal.o
                0x080001c4                HAL_GetTick
 .text.HAL_Delay
                0x080001d0       0x1c Drivers/STM32F1xx_HAL_Driver/Src/stm32f1xx_hal.o
                0x080001d0                HAL_Delay
 .text.HAL_NVIC_SetPriorityGrouping
                0x080001ec       0x24 Drivers/STM32F1xx_HAL_Driver/Src/stm32f1xx_hal_cortex.o
                0x080001ec                HAL_NVIC_SetPriorityGrouping
 .text.HAL_NVIC_SetPriority
                0x08000210       0x70 Drivers/STM32F1xx_HAL_Driver/Src/stm32f1xx_hal_cortex.o
                0x08000210                HAL_NVIC_SetPriority
 .text.HAL_NVIC_EnableIRQ
                0x08000280       0x18 Drivers/STM32F1xx_HAL_Driver/Src/stm32f1xx_hal_cortex.o
                0x08000280                HAL_NVIC_EnableIRQ
 .text.HAL_SYSTICK_Config
                0x08000298       0x30 Drivers/STM32F1xx_HAL_Driver/Src/stm32f1xx_hal_cortex.o
                0x08000298                HAL_SYSTICK_Config
 .text.HAL_SYSTICK_CLKSourceConfig
                0x080002c8       0x18 Drivers/STM32F1xx_HAL_Driver/Src/stm32f1xx_hal_cortex.o
                0x080002c8                HAL_SYSTICK_CLKSourceConfig
 .text.HAL_SYSTICK_Callback
                0x080002e0        0x4 Drivers/STM32F1xx_HAL_Driver/Src/stm32f1xx_hal_cortex.o
                0x080002e0                HAL_SYSTICK_Callback
 .text.HAL_SYSTICK_IRQHandler
                0x080002e4        0x8 Drivers/STM32F1xx_HAL_Driver/Src/stm32f1xx_hal_cortex.o
                0x080002e4                HAL_SYSTICK_IRQHandler
 .text.HAL_GPIO_Init
                0x080002ec      0x1d8 Drivers/STM32F1xx_HAL_Driver/Src/stm32f1xx_hal_gpio.o
                0x080002ec                HAL_GPIO_Init
 .text.HAL_GPIO_WritePin
                0x080004c4        0x8 Drivers/STM32F1xx_HAL_Driver/Src/stm32f1xx_hal_gpio.o
                0x080004c4                HAL_GPIO_WritePin
 .text.HAL_PCD_Init
                0x080004cc      0x3ec Drivers/STM32F1xx_HAL_Driver/Src/stm32f1xx_hal_pcd.o
                0x080004cc                HAL_PCD_Init
 .text.HAL_PCD_Start
                0x080008b8       0x30 Drivers/STM32F1xx_HAL_Driver/Src/stm32f1xx_hal_pcd.o
                0x080008b8                HAL_PCD_Start
 .text.HAL_PCD_IRQHandler
                0x080008e8      0x5cc Drivers/STM32F1xx_HAL_Driver/Src/stm32f1xx_hal_pcd.o
                0x080008e8                HAL_PCD_IRQHandler
 .text.HAL_PCD_SetAddress
                0x08000eb4       0x28 Drivers/STM32F1xx_HAL_Driver/Src/stm32f1xx_hal_pcd.o
                0x08000eb4                HAL_PCD_SetAddress
 .text.HAL_PCD_EP_Open
                0x08000edc       0x4c Drivers/STM32F1xx_HAL_Driver/Src/stm32f1xx_hal_pcd.o
                0x08000edc                HAL_PCD_EP_Open
 .text.HAL_PCD_EP_Close
                0x08000f28       0x48 Drivers/STM32F1xx_HAL_Driver/Src/stm32f1xx_hal_pcd.o
                0x08000f28                HAL_PCD_EP_Close
 .text.HAL_PCD_EP_Receive
                0x08000f70       0x48 Drivers/STM32F1xx_HAL_Driver/Src/stm32f1xx_hal_pcd.o
                0x08000f70                HAL_PCD_EP_Receive
 .text.HAL_PCD_EP_GetRxCount
                0x08000fb8       0x10 Drivers/STM32F1xx_HAL_Driver/Src/stm32f1xx_hal_pcd.o
                0x08000fb8                HAL_PCD_EP_GetRxCount
 .text.HAL_PCD_EP_Transmit
                0x08000fc8       0x40 Drivers/STM32F1xx_HAL_Driver/Src/stm32f1xx_hal_pcd.o
                0x08000fc8                HAL_PCD_EP_Transmit
 .text.HAL_PCD_EP_SetStall
                0x08001008       0x58 Drivers/STM32F1xx_HAL_Driver/Src/stm32f1xx_hal_pcd.o
                0x08001008                HAL_PCD_EP_SetStall
 .text.HAL_PCD_EP_ClrStall
                0x08001060       0x4c Drivers/STM32F1xx_HAL_Driver/Src/stm32f1xx_hal_pcd.o
                0x08001060                HAL_PCD_EP_ClrStall
 .text.HAL_PCDEx_PMAConfig
                0x080010ac       0x34 Drivers/STM32F1xx_HAL_Driver/Src/stm32f1xx_hal_pcd_ex.o
                0x080010ac                HAL_PCDEx_PMAConfig
 .text.HAL_RCC_OscConfig
                0x080010e0      0x560 Drivers/STM32F1xx_HAL_Driver/Src/stm32f1xx_hal_rcc.o
                0x080010e0                HAL_RCC_OscConfig
 .text.HAL_RCC_ClockConfig
                0x08001640      0x1e8 Drivers/STM32F1xx_HAL_Driver/Src/stm32f1xx_hal_rcc.o
                0x08001640                HAL_RCC_ClockConfig
 .text.HAL_RCC_GetHCLKFreq
                0x08001828        0xc Drivers/STM32F1xx_HAL_Driver/Src/stm32f1xx_hal_rcc.o
                0x08001828                HAL_RCC_GetHCLKFreq
 .text.HAL_RCCEx_PeriphCLKConfig
                0x08001834      0x120 Drivers/STM32F1xx_HAL_Driver/Src/stm32f1xx_hal_rcc_ex.o
                0x08001834                HAL_RCCEx_PeriphCLKConfig
 .text.USB_CoreInit
                0x08001954       0x10 Drivers/STM32F1xx_HAL_Driver/Src/stm32f1xx_ll_usb.o
                0x08001954                USB_CoreInit
 .text.USB_EnableGlobalInt
                0x08001964       0x14 Drivers/STM32F1xx_HAL_Driver/Src/stm32f1xx_ll_usb.o
                0x08001964                USB_EnableGlobalInt
 .text.USB_DisableGlobalInt
                0x08001978       0x14 Drivers/STM32F1xx_HAL_Driver/Src/stm32f1xx_ll_usb.o
                0x08001978                USB_DisableGlobalInt
 .text.USB_SetCurrentMode
                0x0800198c        0x4 Drivers/STM32F1xx_HAL_Driver/Src/stm32f1xx_ll_usb.o
                0x0800198c                USB_SetCurrentMode
 .text.USB_DevInit
                0x08001990       0x28 Drivers/STM32F1xx_HAL_Driver/Src/stm32f1xx_ll_usb.o
                0x08001990                USB_DevInit
 .text.USB_ActivateEndpoint
                0x080019b8      0x34c Drivers/STM32F1xx_HAL_Driver/Src/stm32f1xx_ll_usb.o
                0x080019b8                USB_ActivateEndpoint
 .text.USB_DeactivateEndpoint
                0x08001d04      0x1d4 Drivers/STM32F1xx_HAL_Driver/Src/stm32f1xx_ll_usb.o
                0x08001d04                USB_DeactivateEndpoint
 .text.USB_EPStartXfer
                0x08001ed8      0x268 Drivers/STM32F1xx_HAL_Driver/Src/stm32f1xx_ll_usb.o
                0x08001ed8                USB_EPStartXfer
 .text.USB_EPSetStall
                0x08002140       0x74 Drivers/STM32F1xx_HAL_Driver/Src/stm32f1xx_ll_usb.o
                0x08002140                USB_EPSetStall
 .text.USB_EPClearStall
                0x080021b4       0xa0 Drivers/STM32F1xx_HAL_Driver/Src/stm32f1xx_ll_usb.o
                0x080021b4                USB_EPClearStall
 .text.USB_SetDevAddress
                0x08002254        0xc Drivers/STM32F1xx_HAL_Driver/Src/stm32f1xx_ll_usb.o
                0x08002254                USB_SetDevAddress
 .text.USB_DevConnect
                0x08002260        0x4 Drivers/STM32F1xx_HAL_Driver/Src/stm32f1xx_ll_usb.o
                0x08002260                USB_DevConnect
 .text.USB_DevDisconnect
                0x08002264        0x4 Drivers/STM32F1xx_HAL_Driver/Src/stm32f1xx_ll_usb.o
                0x08002264                USB_DevDisconnect
 .text.USB_ReadInterrupts
                0x08002268        0x8 Drivers/STM32F1xx_HAL_Driver/Src/stm32f1xx_ll_usb.o
                0x08002268                USB_ReadInterrupts
 .text.USB_EP0_OutStart
                0x08002270        0x4 Drivers/STM32F1xx_HAL_Driver/Src/stm32f1xx_ll_usb.o
                0x08002270                USB_EP0_OutStart
 .text.USB_WritePMA
                0x08002274       0x24 Drivers/STM32F1xx_HAL_Driver/Src/stm32f1xx_ll_usb.o
                0x08002274                USB_WritePMA
 .text.USB_ReadPMA
                0x08002298       0x1c Drivers/STM32F1xx_HAL_Driver/Src/stm32f1xx_ll_usb.o
                0x08002298                USB_ReadPMA
 .text.USBD_CDC_DataIn
                0x080022b4       0x14 Middlewares/ST/STM32_USB_Device_Library/Class/CDC/Src/usbd_cdc.o
 .text.USBD_CDC_EP0_RxReady
                0x080022c8       0x28 Middlewares/ST/STM32_USB_Device_Library/Class/CDC/Src/usbd_cdc.o
 .text.USBD_CDC_GetFSCfgDesc
                0x080022f0        0xc Middlewares/ST/STM32_USB_Device_Library/Class/CDC/Src/usbd_cdc.o
 .text.USBD_CDC_GetHSCfgDesc
                0x080022fc        0xc Middlewares/ST/STM32_USB_Device_Library/Class/CDC/Src/usbd_cdc.o
 .text.USBD_CDC_GetOtherSpeedCfgDesc
                0x08002308        0xc Middlewares/ST/STM32_USB_Device_Library/Class/CDC/Src/usbd_cdc.o
 .text.USBD_CDC_GetDeviceQualifierDescriptor
                0x08002314        0xc Middlewares/ST/STM32_USB_Device_Library/Class/CDC/Src/usbd_cdc.o
                0x08002314                USBD_CDC_GetDeviceQualifierDescriptor
 .text.USBD_CDC_DataOut
                0x08002320       0x30 Middlewares/ST/STM32_USB_Device_Library/Class/CDC/Src/usbd_cdc.o
 .text.USBD_CDC_Setup
                0x08002350       0x70 Middlewares/ST/STM32_USB_Device_Library/Class/CDC/Src/usbd_cdc.o
 .text.USBD_CDC_DeInit
                0x080023c0       0x3c Middlewares/ST/STM32_USB_Device_Library/Class/CDC/Src/usbd_cdc.o
 .text.USBD_CDC_Init
                0x080023fc       0x90 Middlewares/ST/STM32_USB_Device_Library/Class/CDC/Src/usbd_cdc.o
 .text.USBD_CDC_RegisterInterface
                0x0800248c       0x10 Middlewares/ST/STM32_USB_Device_Library/Class/CDC/Src/usbd_cdc.o
                0x0800248c                USBD_CDC_RegisterInterface
 .text.USBD_CDC_SetTxBuffer
                0x0800249c       0x10 Middlewares/ST/STM32_USB_Device_Library/Class/CDC/Src/usbd_cdc.o
                0x0800249c                USBD_CDC_SetTxBuffer
 .text.USBD_CDC_SetRxBuffer
                0x080024ac        0xc Middlewares/ST/STM32_USB_Device_Library/Class/CDC/Src/usbd_cdc.o
                0x080024ac                USBD_CDC_SetRxBuffer
 .text.USBD_CDC_TransmitPacket
                0x080024b8       0x30 Middlewares/ST/STM32_USB_Device_Library/Class/CDC/Src/usbd_cdc.o
                0x080024b8                USBD_CDC_TransmitPacket
 .text.USBD_CDC_ReceivePacket
                0x080024e8       0x30 Middlewares/ST/STM32_USB_Device_Library/Class/CDC/Src/usbd_cdc.o
                0x080024e8                USBD_CDC_ReceivePacket
 .text.USBD_Init
                0x08002518       0x2c Middlewares/ST/STM32_USB_Device_Library/Core/Src/usbd_core.o
                0x08002518                USBD_Init
 .text.USBD_RegisterClass
                0x08002544       0x10 Middlewares/ST/STM32_USB_Device_Library/Core/Src/usbd_core.o
                0x08002544                USBD_RegisterClass
 .text.USBD_Start
                0x08002554        0xc Middlewares/ST/STM32_USB_Device_Library/Core/Src/usbd_core.o
                0x08002554                USBD_Start
 .text.USBD_SetClassConfig
                0x08002560       0x14 Middlewares/ST/STM32_USB_Device_Library/Core/Src/usbd_core.o
                0x08002560                USBD_SetClassConfig
 .text.USBD_ClrClassConfig
                0x08002574       0x10 Middlewares/ST/STM32_USB_Device_Library/Core/Src/usbd_core.o
                0x08002574                USBD_ClrClassConfig
 .text.USBD_LL_SetupStage
                0x08002584       0x60 Middlewares/ST/STM32_USB_Device_Library/Core/Src/usbd_core.o
                0x08002584                USBD_LL_SetupStage
 .text.USBD_LL_DataOutStage
                0x080025e4       0x6c Middlewares/ST/STM32_USB_Device_Library/Core/Src/usbd_core.o
                0x080025e4                USBD_LL_DataOutStage
 .text.USBD_LL_DataInStage
                0x08002650       0xa4 Middlewares/ST/STM32_USB_Device_Library/Core/Src/usbd_core.o
                0x08002650                USBD_LL_DataInStage
 .text.USBD_LL_Reset
                0x080026f4       0x40 Middlewares/ST/STM32_USB_Device_Library/Core/Src/usbd_core.o
                0x080026f4                USBD_LL_Reset
 .text.USBD_LL_SetSpeed
                0x08002734        0x8 Middlewares/ST/STM32_USB_Device_Library/Core/Src/usbd_core.o
                0x08002734                USBD_LL_SetSpeed
 .text.USBD_LL_Suspend
                0x0800273c       0x14 Middlewares/ST/STM32_USB_Device_Library/Core/Src/usbd_core.o
                0x0800273c                USBD_LL_Suspend
 .text.USBD_LL_Resume
                0x08002750       0x10 Middlewares/ST/STM32_USB_Device_Library/Core/Src/usbd_core.o
                0x08002750                USBD_LL_Resume
 .text.USBD_LL_SOF
                0x08002760       0x1c Middlewares/ST/STM32_USB_Device_Library/Core/Src/usbd_core.o
                0x08002760                USBD_LL_SOF
 .text.USBD_StdDevReq
                0x0800277c      0x2a0 Middlewares/ST/STM32_USB_Device_Library/Core/Src/usbd_ctlreq.o
                0x0800277c                USBD_StdDevReq
 .text.USBD_StdItfReq
                0x08002a1c       0x3c Middlewares/ST/STM32_USB_Device_Library/Core/Src/usbd_ctlreq.o
                0x08002a1c                USBD_StdItfReq
 .text.USBD_StdEPReq
                0x08002a58       0xd0 Middlewares/ST/STM32_USB_Device_Library/Core/Src/usbd_ctlreq.o
                0x08002a58                USBD_StdEPReq
 .text.USBD_ParseSetupRequest
                0x08002b28       0x28 Middlewares/ST/STM32_USB_Device_Library/Core/Src/usbd_ctlreq.o
                0x08002b28                USBD_ParseSetupRequest
 .text.USBD_GetString
                0x08002b50       0x4c Middlewares/ST/STM32_USB_Device_Library/Core/Src/usbd_ctlreq.o
                0x08002b50                USBD_GetString
 .text.USBD_CtlSendData
                0x08002b9c       0x1c Middlewares/ST/STM32_USB_Device_Library/Core/Src/usbd_ioreq.o
                0x08002b9c                USBD_CtlSendData
 .text.USBD_CtlContinueSendData
                0x08002bb8       0x10 Middlewares/ST/STM32_USB_Device_Library/Core/Src/usbd_ioreq.o
                0x08002bb8                USBD_CtlContinueSendData
 .text.USBD_CtlPrepareRx
                0x08002bc8       0x20 Middlewares/ST/STM32_USB_Device_Library/Core/Src/usbd_ioreq.o
                0x08002bc8                USBD_CtlPrepareRx
 .text.USBD_CtlContinueRx
                0x08002be8       0x10 Middlewares/ST/STM32_USB_Device_Library/Core/Src/usbd_ioreq.o
                0x08002be8                USBD_CtlContinueRx
 .text.USBD_CtlSendStatus
                0x08002bf8       0x18 Middlewares/ST/STM32_USB_Device_Library/Core/Src/usbd_ioreq.o
                0x08002bf8                USBD_CtlSendStatus
 .text.USBD_CtlReceiveStatus
                0x08002c10       0x18 Middlewares/ST/STM32_USB_Device_Library/Core/Src/usbd_ioreq.o
                0x08002c10                USBD_CtlReceiveStatus
 .text.LEDMOD_redraw
                0x08002c28      0x214 Src/main.o
                0x08002c28                LEDMOD_redraw
 .text.LEDMOD_redraw_framebuffer
                0x08002e3c      0x1cc Src/main.o
                0x08002e3c                LEDMOD_redraw_framebuffer
 .text.USB_parse
                0x08003008      0x110 Src/main.o
                0x08003008                USB_parse
 .text.SystemClock_Config
                0x08003118       0x88 Src/main.o
                0x08003118                SystemClock_Config
 .text.startup.main
                0x080031a0       0xd4 Src/main.o
                0x080031a0                main
 .text.Error_Handler
                0x08003274        0x4 Src/main.o
                0x08003274                Error_Handler
 .text.HAL_MspInit
                0x08003278       0x90 Src/stm32f1xx_hal_msp.o
                0x08003278                HAL_MspInit
 .text.NMI_Handler
                0x08003308        0x4 Src/stm32f1xx_it.o
                0x08003308                NMI_Handler
 .text.HardFault_Handler
                0x0800330c        0x4 Src/stm32f1xx_it.o
                0x0800330c                HardFault_Handler
 .text.MemManage_Handler
                0x08003310        0x4 Src/stm32f1xx_it.o
                0x08003310                MemManage_Handler
 .text.BusFault_Handler
                0x08003314        0x4 Src/stm32f1xx_it.o
                0x08003314                BusFault_Handler
 .text.UsageFault_Handler
                0x08003318        0x4 Src/stm32f1xx_it.o
                0x08003318                UsageFault_Handler
 .text.SVC_Handler
                0x0800331c        0x4 Src/stm32f1xx_it.o
                0x0800331c                SVC_Handler
 .text.DebugMon_Handler
                0x08003320        0x4 Src/stm32f1xx_it.o
                0x08003320                DebugMon_Handler
 .text.PendSV_Handler
                0x08003324        0x4 Src/stm32f1xx_it.o
                0x08003324                PendSV_Handler
 .text.SysTick_Handler
                0x08003328       0x10 Src/stm32f1xx_it.o
                0x08003328                SysTick_Handler
 .text.USB_LP_CAN1_RX0_IRQHandler
                0x08003338        0xc Src/stm32f1xx_it.o
                0x08003338                USB_LP_CAN1_RX0_IRQHandler
 .text.SystemInit
                0x08003344       0x50 Src/system_stm32f1xx.o
                0x08003344                SystemInit
 .text.MX_USB_DEVICE_Init
                0x08003394       0x38 Src/usb_device.o
                0x08003394                MX_USB_DEVICE_Init
 .text.CDC_DeInit_FS
                0x080033cc        0x4 Src/usbd_cdc_if.o
 .text.CDC_Control_FS
                0x080033d0        0x4 Src/usbd_cdc_if.o
 .text.CDC_Receive_FS
                0x080033d4       0x24 Src/usbd_cdc_if.o
 .text.CDC_Init_FS
                0x080033f8       0x28 Src/usbd_cdc_if.o
 .text.CDC_Transmit_FS
                0x08003420       0x2c Src/usbd_cdc_if.o
                0x08003420                CDC_Transmit_FS
 .text.HAL_PCD_MspInit
                0x0800344c       0x40 Src/usbd_conf.o
                0x0800344c                HAL_PCD_MspInit
 .text.HAL_PCD_SetupStageCallback
                0x0800348c        0xc Src/usbd_conf.o
                0x0800348c                HAL_PCD_SetupStageCallback
 .text.HAL_PCD_DataOutStageCallback
                0x08003498       0x10 Src/usbd_conf.o
                0x08003498                HAL_PCD_DataOutStageCallback
 .text.HAL_PCD_DataInStageCallback
                0x080034a8       0x10 Src/usbd_conf.o
                0x080034a8                HAL_PCD_DataInStageCallback
 .text.HAL_PCD_SOFCallback
                0x080034b8        0x8 Src/usbd_conf.o
                0x080034b8                HAL_PCD_SOFCallback
 .text.HAL_PCD_ResetCallback
                0x080034c0       0x1c Src/usbd_conf.o
                0x080034c0                HAL_PCD_ResetCallback
 .text.HAL_PCD_SuspendCallback
                0x080034dc       0x20 Src/usbd_conf.o
                0x080034dc                HAL_PCD_SuspendCallback
 .text.HAL_PCD_ResumeCallback
                0x080034fc        0x8 Src/usbd_conf.o
                0x080034fc                HAL_PCD_ResumeCallback
 .text.USBD_LL_Init
                0x08003504       0x88 Src/usbd_conf.o
                0x08003504                USBD_LL_Init
 .text.USBD_LL_Start
                0x0800358c       0x1c Src/usbd_conf.o
                0x0800358c                USBD_LL_Start
 .text.USBD_LL_OpenEP
                0x080035a8       0x20 Src/usbd_conf.o
                0x080035a8                USBD_LL_OpenEP
 .text.USBD_LL_CloseEP
                0x080035c8       0x1c Src/usbd_conf.o
                0x080035c8                USBD_LL_CloseEP
 .text.USBD_LL_StallEP
                0x080035e4       0x1c Src/usbd_conf.o
                0x080035e4                USBD_LL_StallEP
 .text.USBD_LL_ClearStallEP
                0x08003600       0x1c Src/usbd_conf.o
                0x08003600                USBD_LL_ClearStallEP
 .text.USBD_LL_IsStallEP
                0x0800361c       0x20 Src/usbd_conf.o
                0x0800361c                USBD_LL_IsStallEP
 .text.USBD_LL_SetUSBAddress
                0x0800363c       0x1c Src/usbd_conf.o
                0x0800363c                USBD_LL_SetUSBAddress
 .text.USBD_LL_Transmit
                0x08003658       0x1c Src/usbd_conf.o
                0x08003658                USBD_LL_Transmit
 .text.USBD_LL_PrepareReceive
                0x08003674       0x1c Src/usbd_conf.o
                0x08003674                USBD_LL_PrepareReceive
 .text.USBD_LL_GetRxDataSize
                0x08003690        0xc Src/usbd_conf.o
                0x08003690                USBD_LL_GetRxDataSize
 .text.USBD_static_malloc
                0x0800369c        0x8 Src/usbd_conf.o
                0x0800369c                USBD_static_malloc
 .text.USBD_static_free
                0x080036a4        0x4 Src/usbd_conf.o
                0x080036a4                USBD_static_free
 .text.HAL_PCDEx_SetConnectionState
                0x080036a8        0x4 Src/usbd_conf.o
                0x080036a8                HAL_PCDEx_SetConnectionState
 .text.USBD_FS_DeviceDescriptor
                0x080036ac        0xc Src/usbd_desc.o
                0x080036ac                USBD_FS_DeviceDescriptor
 .text.USBD_FS_LangIDStrDescriptor
                0x080036b8        0xc Src/usbd_desc.o
                0x080036b8                USBD_FS_LangIDStrDescriptor
 .text.USBD_FS_ManufacturerStrDescriptor
                0x080036c4       0x1c Src/usbd_desc.o
                0x080036c4                USBD_FS_ManufacturerStrDescriptor
 .text.USBD_FS_ProductStrDescriptor
                0x080036e0       0x1c Src/usbd_desc.o
                0x080036e0                USBD_FS_ProductStrDescriptor
 .text.USBD_FS_SerialStrDescriptor
                0x080036fc       0x1c Src/usbd_desc.o
                0x080036fc                USBD_FS_SerialStrDescriptor
 .text.USBD_FS_ConfigStrDescriptor
                0x08003718       0x1c Src/usbd_desc.o
                0x08003718                USBD_FS_ConfigStrDescriptor
 .text.USBD_FS_InterfaceStrDescriptor
                0x08003734       0x1c Src/usbd_desc.o
                0x08003734                USBD_FS_InterfaceStrDescriptor
 .text.Reset_Handler
                0x08003750       0x48 startup/startup_stm32f103xb.o
                0x08003750                Reset_Handler
 .text.Default_Handler
                0x08003798        0x2 startup/startup_stm32f103xb.o
                0x08003798                RTC_Alarm_IRQHandler
                0x08003798                EXTI2_IRQHandler
                0x08003798                TIM1_CC_IRQHandler
                0x08003798                PVD_IRQHandler
                0x08003798                EXTI3_IRQHandler
                0x08003798                EXTI0_IRQHandler
                0x08003798                I2C2_EV_IRQHandler
                0x08003798                ADC1_2_IRQHandler
                0x08003798                SPI1_IRQHandler
                0x08003798                TAMPER_IRQHandler
                0x08003798                DMA1_Channel4_IRQHandler
                0x08003798                USART3_IRQHandler
                0x08003798                RTC_IRQHandler
                0x08003798                DMA1_Channel7_IRQHandler
                0x08003798                CAN1_RX1_IRQHandler
                0x08003798                TIM4_IRQHandler
                0x08003798                I2C1_EV_IRQHandler
                0x08003798                DMA1_Channel6_IRQHandler
                0x08003798                TIM3_IRQHandler
                0x08003798                RCC_IRQHandler
                0x08003798                TIM1_TRG_COM_IRQHandler
                0x08003798                DMA1_Channel1_IRQHandler
                0x08003798                Default_Handler
                0x08003798                EXTI15_10_IRQHandler
                0x08003798                EXTI9_5_IRQHandler
                0x08003798                SPI2_IRQHandler
                0x08003798                DMA1_Channel5_IRQHandler
                0x08003798                EXTI4_IRQHandler
                0x08003798                USB_HP_CAN1_TX_IRQHandler
                0x08003798                DMA1_Channel3_IRQHandler
                0x08003798                TIM1_UP_IRQHandler
                0x08003798                WWDG_IRQHandler
                0x08003798                TIM2_IRQHandler
                0x08003798                TIM1_BRK_IRQHandler
                0x08003798                EXTI1_IRQHandler
                0x08003798                USART2_IRQHandler
                0x08003798                I2C2_ER_IRQHandler
                0x08003798                DMA1_Channel2_IRQHandler
                0x08003798                CAN1_SCE_IRQHandler
                0x08003798                FLASH_IRQHandler
                0x08003798                USART1_IRQHandler
                0x08003798                I2C1_ER_IRQHandler
                0x08003798                USBWakeUp_IRQHandler
 *fill*         0x0800379a        0x2 
 .text.__libc_init_array
                0x0800379c       0x4c f:/ac6/systemworkbench/plugins/fr.ac6.mcu.externaltools.arm-none.win32_1.13.1.201701261202/tools/compiler/bin/../lib/gcc/arm-none-eabi/5.4.1/../../../../arm-none-eabi/lib/armv7-m\libc_nano.a(lib_a-init.o)
                0x0800379c                __libc_init_array
 .text._strtol_l.isra.0
                0x080037e8      0x110 f:/ac6/systemworkbench/plugins/fr.ac6.mcu.externaltools.arm-none.win32_1.13.1.201701261202/tools/compiler/bin/../lib/gcc/arm-none-eabi/5.4.1/../../../../arm-none-eabi/lib/armv7-m\libc_nano.a(lib_a-strtol.o)
 .text.strtol   0x080038f8       0x2c f:/ac6/systemworkbench/plugins/fr.ac6.mcu.externaltools.arm-none.win32_1.13.1.201701261202/tools/compiler/bin/../lib/gcc/arm-none-eabi/5.4.1/../../../../arm-none-eabi/lib/armv7-m\libc_nano.a(lib_a-strtol.o)
                0x080038f8                strtol
 .text.__locale_ctype_ptr_l
                0x08003924        0x6 f:/ac6/systemworkbench/plugins/fr.ac6.mcu.externaltools.arm-none.win32_1.13.1.201701261202/tools/compiler/bin/../lib/gcc/arm-none-eabi/5.4.1/../../../../arm-none-eabi/lib/armv7-m\libc_nano.a(lib_a-locale.o)
                0x08003924                __locale_ctype_ptr_l
 .text.__ascii_mbtowc
                0x0800392a       0x24 f:/ac6/systemworkbench/plugins/fr.ac6.mcu.externaltools.arm-none.win32_1.13.1.201701261202/tools/compiler/bin/../lib/gcc/arm-none-eabi/5.4.1/../../../../arm-none-eabi/lib/armv7-m\libc_nano.a(lib_a-mbtowc_r.o)
                0x0800392a                __ascii_mbtowc
 .text.__ascii_wctomb
                0x0800394e       0x1a f:/ac6/systemworkbench/plugins/fr.ac6.mcu.externaltools.arm-none.win32_1.13.1.201701261202/tools/compiler/bin/../lib/gcc/arm-none-eabi/5.4.1/../../../../arm-none-eabi/lib/armv7-m\libc_nano.a(lib_a-wctomb_r.o)
                0x0800394e                __ascii_wctomb
 *(.glue_7)
 .glue_7        0x08003968        0x0 linker stubs
 *(.glue_7t)
 .glue_7t       0x08003968        0x0 linker stubs
 *(.eh_frame)
 .eh_frame      0x08003968        0x0 f:/ac6/systemworkbench/plugins/fr.ac6.mcu.externaltools.arm-none.win32_1.13.1.201701261202/tools/compiler/bin/../lib/gcc/arm-none-eabi/5.4.1/armv7-m/crtbegin.o
 *(.init)
 .init          0x08003968        0x4 f:/ac6/systemworkbench/plugins/fr.ac6.mcu.externaltools.arm-none.win32_1.13.1.201701261202/tools/compiler/bin/../lib/gcc/arm-none-eabi/5.4.1/armv7-m/crti.o
                0x08003968                _init
 .init          0x0800396c        0x8 f:/ac6/systemworkbench/plugins/fr.ac6.mcu.externaltools.arm-none.win32_1.13.1.201701261202/tools/compiler/bin/../lib/gcc/arm-none-eabi/5.4.1/armv7-m/crtn.o
 *(.fini)
 .fini          0x08003974        0x4 f:/ac6/systemworkbench/plugins/fr.ac6.mcu.externaltools.arm-none.win32_1.13.1.201701261202/tools/compiler/bin/../lib/gcc/arm-none-eabi/5.4.1/armv7-m/crti.o
                0x08003974                _fini
 .fini          0x08003978        0x8 f:/ac6/systemworkbench/plugins/fr.ac6.mcu.externaltools.arm-none.win32_1.13.1.201701261202/tools/compiler/bin/../lib/gcc/arm-none-eabi/5.4.1/armv7-m/crtn.o
                0x08003980                . = ALIGN (0x4)
                0x08003980                _etext = .

.vfp11_veneer   0x08003980        0x0
 .vfp11_veneer  0x08003980        0x0 linker stubs

.v4_bx          0x08003980        0x0
 .v4_bx         0x08003980        0x0 linker stubs

.iplt           0x08003980        0x0
 .iplt          0x08003980        0x0 f:/ac6/systemworkbench/plugins/fr.ac6.mcu.externaltools.arm-none.win32_1.13.1.201701261202/tools/compiler/bin/../lib/gcc/arm-none-eabi/5.4.1/armv7-m/crtbegin.o

.rodata         0x08003980      0x1a0
                0x08003980                . = ALIGN (0x4)
 *(.rodata)
 .rodata        0x08003980       0x12 Drivers/STM32F1xx_HAL_Driver/Src/stm32f1xx_hal_rcc.o
 *fill*         0x08003992        0x2 
 .rodata        0x08003994       0x18 Src/system_stm32f1xx.o
                0x08003994                AHBPrescTable
                0x080039a4                APBPrescTable
 .rodata        0x080039ac        0x4 Src/usbd_conf.o
 *(.rodata*)
 .rodata.str1.4
                0x080039b0       0x64 Src/usbd_desc.o
                                 0x62 (size before relaxing)
 .rodata.str1.1
                0x08003a14        0xa f:/ac6/systemworkbench/plugins/fr.ac6.mcu.externaltools.arm-none.win32_1.13.1.201701261202/tools/compiler/bin/../lib/gcc/arm-none-eabi/5.4.1/../../../../arm-none-eabi/lib/armv7-m\libc_nano.a(lib_a-locale.o)
                                  0xb (size before relaxing)
 .rodata._ctype_
                0x08003a1e      0x101 f:/ac6/systemworkbench/plugins/fr.ac6.mcu.externaltools.arm-none.win32_1.13.1.201701261202/tools/compiler/bin/../lib/gcc/arm-none-eabi/5.4.1/../../../../arm-none-eabi/lib/armv7-m\libc_nano.a(lib_a-ctype_.o)
                0x08003a1e                _ctype_
                0x08003b20                . = ALIGN (0x4)
 *fill*         0x08003b1f        0x1 

.rel.dyn        0x08003b20        0x0
 .rel.iplt      0x08003b20        0x0 f:/ac6/systemworkbench/plugins/fr.ac6.mcu.externaltools.arm-none.win32_1.13.1.201701261202/tools/compiler/bin/../lib/gcc/arm-none-eabi/5.4.1/armv7-m/crtbegin.o

.ARM.extab
 *(.ARM.extab* .gnu.linkonce.armextab.*)

.ARM            0x08003b20        0x0
                0x08003b20                __exidx_start = .
 *(.ARM.exidx*)
                0x08003b20                __exidx_end = .

.preinit_array  0x08003b20        0x0
                0x08003b20                PROVIDE (__preinit_array_start, .)
 *(.preinit_array*)
                0x08003b20                PROVIDE (__preinit_array_end, .)

.init_array     0x08003b20        0x4
                0x08003b20                PROVIDE (__init_array_start, .)
 *(SORT(.init_array.*))
 *(.init_array*)
 .init_array    0x08003b20        0x4 f:/ac6/systemworkbench/plugins/fr.ac6.mcu.externaltools.arm-none.win32_1.13.1.201701261202/tools/compiler/bin/../lib/gcc/arm-none-eabi/5.4.1/armv7-m/crtbegin.o
                0x08003b24                PROVIDE (__init_array_end, .)

.fini_array     0x08003b24        0x4
                [!provide]                PROVIDE (__fini_array_start, .)
 *(SORT(.fini_array.*))
 *(.fini_array*)
 .fini_array    0x08003b24        0x4 f:/ac6/systemworkbench/plugins/fr.ac6.mcu.externaltools.arm-none.win32_1.13.1.201701261202/tools/compiler/bin/../lib/gcc/arm-none-eabi/5.4.1/armv7-m/crtbegin.o
                [!provide]                PROVIDE (__fini_array_end, .)
                0x08003b28                _sidata = LOADADDR (.data)

.data           0x20000000      0x3b8 load address 0x08003b28
                0x20000000                . = ALIGN (0x4)
                0x20000000                _sdata = .
 *(.data)
 .data          0x20000000      0x110 Middlewares/ST/STM32_USB_Device_Library/Class/CDC/Src/usbd_cdc.o
                0x20000000                USBD_CDC_CfgFSDesc
                0x20000044                USBD_CDC_CfgHSDesc
                0x20000088                USBD_CDC_OtherSpeedCfgDesc
                0x200000d8                USBD_CDC
 .data          0x20000110       0x8f Src/main.o
                0x20000110                ledmod_framebuffer
                0x20000150                ledmod_image
                0x20000190                tmp
                0x20000194                usb_transmit_command_1
                0x20000198                usb_transmit_command_2
 *fill*         0x2000019f        0x1 
 .data          0x200001a0        0x4 Src/system_stm32f1xx.o
                0x200001a0                SystemCoreClock
 .data          0x200001a4       0x10 Src/usbd_cdc_if.o
                0x200001a4                USBD_Interface_fops_FS
 .data          0x200001b4       0x34 Src/usbd_desc.o
                0x200001b4                USBD_FS_DeviceDesc
                0x200001c8                USBD_LangIDDesc
                0x200001cc                FS_Desc
 *(.data*)
 .data.impure_data
                0x200001e8       0x60 f:/ac6/systemworkbench/plugins/fr.ac6.mcu.externaltools.arm-none.win32_1.13.1.201701261202/tools/compiler/bin/../lib/gcc/arm-none-eabi/5.4.1/../../../../arm-none-eabi/lib/armv7-m\libc_nano.a(lib_a-impure.o)
 .data._impure_ptr
                0x20000248        0x4 f:/ac6/systemworkbench/plugins/fr.ac6.mcu.externaltools.arm-none.win32_1.13.1.201701261202/tools/compiler/bin/../lib/gcc/arm-none-eabi/5.4.1/../../../../arm-none-eabi/lib/armv7-m\libc_nano.a(lib_a-impure.o)
                0x20000248                _impure_ptr
 .data.__global_locale
                0x2000024c      0x16c f:/ac6/systemworkbench/plugins/fr.ac6.mcu.externaltools.arm-none.win32_1.13.1.201701261202/tools/compiler/bin/../lib/gcc/arm-none-eabi/5.4.1/../../../../arm-none-eabi/lib/armv7-m\libc_nano.a(lib_a-locale.o)
                0x2000024c                __global_locale
                0x200003b8                . = ALIGN (0x4)
                0x200003b8                _edata = .

.jcr            0x200003b8        0x0 load address 0x08003ee0
 .jcr           0x200003b8        0x0 f:/ac6/systemworkbench/plugins/fr.ac6.mcu.externaltools.arm-none.win32_1.13.1.201701261202/tools/compiler/bin/../lib/gcc/arm-none-eabi/5.4.1/armv7-m/crtbegin.o

.igot.plt       0x200003b8        0x0 load address 0x08003ee0
 .igot.plt      0x200003b8        0x0 f:/ac6/systemworkbench/plugins/fr.ac6.mcu.externaltools.arm-none.win32_1.13.1.201701261202/tools/compiler/bin/../lib/gcc/arm-none-eabi/5.4.1/armv7-m/crtbegin.o
                0x200003b8                . = ALIGN (0x4)

.bss            0x200003b8     0x1290 load address 0x08003ee0
                0x200003b8                _sbss = .
                0x200003b8                __bss_start__ = _sbss
 *(.bss)
 .bss           0x200003b8       0x1c f:/ac6/systemworkbench/plugins/fr.ac6.mcu.externaltools.arm-none.win32_1.13.1.201701261202/tools/compiler/bin/../lib/gcc/arm-none-eabi/5.4.1/armv7-m/crtbegin.o
 .bss           0x200003d4        0x4 Drivers/STM32F1xx_HAL_Driver/Src/stm32f1xx_hal.o
 .bss           0x200003d8        0x1 Middlewares/ST/STM32_USB_Device_Library/Class/CDC/Src/usbd_cdc.o
 .bss           0x200003d9        0x1 Middlewares/ST/STM32_USB_Device_Library/Core/Src/usbd_ctlreq.o
 *fill*         0x200003da        0x2 
 .bss           0x200003dc      0x220 Src/usbd_conf.o
 *(.bss*)
 *(COMMON)
 COMMON         0x200005fc      0x800 Src/main.o
                0x200005fc                usb_receive_buffer
 COMMON         0x20000dfc      0x224 Src/usb_device.o
                0x20000dfc                hUsbDeviceFS
 COMMON         0x20001020        0x8 Src/usbd_cdc_if.o
                0x20001020                UserRxBufferFS
                0x20001024                UserTxBufferFS
 COMMON         0x20001028      0x420 Src/usbd_conf.o
                0x20001028                hpcd_USB_FS
 COMMON         0x20001448      0x200 Src/usbd_desc.o
                0x20001448                USBD_StrDesc
                0x20001648                . = ALIGN (0x4)
                0x20001648                _ebss = .
                0x20001648                __bss_end__ = _ebss

._user_heap_stack
                0x20001648      0x600 load address 0x08003ee0
                0x20001648                . = ALIGN (0x8)
                [!provide]                PROVIDE (end, .)
                [!provide]                PROVIDE (_end, .)
                0x20001848                . = (. + _Min_Heap_Size)
 *fill*         0x20001648      0x200 
                0x20001c48                . = (. + _Min_Stack_Size)
 *fill*         0x20001848      0x400 
                0x20001c48                . = ALIGN (0x8)

/DISCARD/
 libc.a(*)
 libm.a(*)
 libgcc.a(*)

.ARM.attributes
                0x00000000       0x29
 *(.ARM.attributes)
 .ARM.attributes
                0x00000000       0x1d f:/ac6/systemworkbench/plugins/fr.ac6.mcu.externaltools.arm-none.win32_1.13.1.201701261202/tools/compiler/bin/../lib/gcc/arm-none-eabi/5.4.1/armv7-m/crti.o
 .ARM.attributes
                0x0000001d       0x2d f:/ac6/systemworkbench/plugins/fr.ac6.mcu.externaltools.arm-none.win32_1.13.1.201701261202/tools/compiler/bin/../lib/gcc/arm-none-eabi/5.4.1/armv7-m/crtbegin.o
 .ARM.attributes
                0x0000004a       0x33 Drivers/STM32F1xx_HAL_Driver/Src/stm32f1xx_hal.o
 .ARM.attributes
                0x0000007d       0x33 Drivers/STM32F1xx_HAL_Driver/Src/stm32f1xx_hal_cortex.o
 .ARM.attributes
                0x000000b0       0x33 Drivers/STM32F1xx_HAL_Driver/Src/stm32f1xx_hal_gpio.o
 .ARM.attributes
                0x000000e3       0x33 Drivers/STM32F1xx_HAL_Driver/Src/stm32f1xx_hal_pcd.o
 .ARM.attributes
                0x00000116       0x33 Drivers/STM32F1xx_HAL_Driver/Src/stm32f1xx_hal_pcd_ex.o
 .ARM.attributes
                0x00000149       0x33 Drivers/STM32F1xx_HAL_Driver/Src/stm32f1xx_hal_rcc.o
 .ARM.attributes
                0x0000017c       0x33 Drivers/STM32F1xx_HAL_Driver/Src/stm32f1xx_hal_rcc_ex.o
 .ARM.attributes
                0x000001af       0x33 Drivers/STM32F1xx_HAL_Driver/Src/stm32f1xx_ll_usb.o
 .ARM.attributes
                0x000001e2       0x33 Middlewares/ST/STM32_USB_Device_Library/Class/CDC/Src/usbd_cdc.o
 .ARM.attributes
                0x00000215       0x33 Middlewares/ST/STM32_USB_Device_Library/Core/Src/usbd_core.o
 .ARM.attributes
                0x00000248       0x33 Middlewares/ST/STM32_USB_Device_Library/Core/Src/usbd_ctlreq.o
 .ARM.attributes
                0x0000027b       0x33 Middlewares/ST/STM32_USB_Device_Library/Core/Src/usbd_ioreq.o
 .ARM.attributes
                0x000002ae       0x33 Src/main.o
 .ARM.attributes
                0x000002e1       0x33 Src/stm32f1xx_hal_msp.o
 .ARM.attributes
                0x00000314       0x33 Src/stm32f1xx_it.o
 .ARM.attributes
                0x00000347       0x33 Src/system_stm32f1xx.o
 .ARM.attributes
                0x0000037a       0x33 Src/usb_device.o
 .ARM.attributes
                0x000003ad       0x33 Src/usbd_cdc_if.o
 .ARM.attributes
                0x000003e0       0x33 Src/usbd_conf.o
 .ARM.attributes
                0x00000413       0x33 Src/usbd_desc.o
 .ARM.attributes
                0x00000446       0x21 startup/startup_stm32f103xb.o
 .ARM.attributes
                0x00000467       0x2d f:/ac6/systemworkbench/plugins/fr.ac6.mcu.externaltools.arm-none.win32_1.13.1.201701261202/tools/compiler/bin/../lib/gcc/arm-none-eabi/5.4.1/../../../../arm-none-eabi/lib/armv7-m\libc_nano.a(lib_a-impure.o)
 .ARM.attributes
                0x00000494       0x2d f:/ac6/systemworkbench/plugins/fr.ac6.mcu.externaltools.arm-none.win32_1.13.1.201701261202/tools/compiler/bin/../lib/gcc/arm-none-eabi/5.4.1/../../../../arm-none-eabi/lib/armv7-m\libc_nano.a(lib_a-init.o)
 .ARM.attributes
                0x000004c1       0x2d f:/ac6/systemworkbench/plugins/fr.ac6.mcu.externaltools.arm-none.win32_1.13.1.201701261202/tools/compiler/bin/../lib/gcc/arm-none-eabi/5.4.1/../../../../arm-none-eabi/lib/armv7-m\libc_nano.a(lib_a-strtol.o)
 .ARM.attributes
                0x000004ee       0x2d f:/ac6/systemworkbench/plugins/fr.ac6.mcu.externaltools.arm-none.win32_1.13.1.201701261202/tools/compiler/bin/../lib/gcc/arm-none-eabi/5.4.1/../../../../arm-none-eabi/lib/armv7-m\libc_nano.a(lib_a-locale.o)
 .ARM.attributes
                0x0000051b       0x2d f:/ac6/systemworkbench/plugins/fr.ac6.mcu.externaltools.arm-none.win32_1.13.1.201701261202/tools/compiler/bin/../lib/gcc/arm-none-eabi/5.4.1/../../../../arm-none-eabi/lib/armv7-m\libc_nano.a(lib_a-mbtowc_r.o)
 .ARM.attributes
                0x00000548       0x2d f:/ac6/systemworkbench/plugins/fr.ac6.mcu.externaltools.arm-none.win32_1.13.1.201701261202/tools/compiler/bin/../lib/gcc/arm-none-eabi/5.4.1/../../../../arm-none-eabi/lib/armv7-m\libc_nano.a(lib_a-wctomb_r.o)
 .ARM.attributes
                0x00000575       0x2d f:/ac6/systemworkbench/plugins/fr.ac6.mcu.externaltools.arm-none.win32_1.13.1.201701261202/tools/compiler/bin/../lib/gcc/arm-none-eabi/5.4.1/../../../../arm-none-eabi/lib/armv7-m\libc_nano.a(lib_a-ctype_.o)
 .ARM.attributes
                0x000005a2       0x1d f:/ac6/systemworkbench/plugins/fr.ac6.mcu.externaltools.arm-none.win32_1.13.1.201701261202/tools/compiler/bin/../lib/gcc/arm-none-eabi/5.4.1/armv7-m/crtn.o
OUTPUT(STM32_LED_Matrix_Draw_Firmware.elf elf32-littlearm)

.debug_info     0x00000000     0xd6ac
 .debug_info    0x00000000      0x686 Drivers/STM32F1xx_HAL_Driver/Src/stm32f1xx_hal.o
 .debug_info    0x00000686      0xc2b Drivers/STM32F1xx_HAL_Driver/Src/stm32f1xx_hal_cortex.o
 .debug_info    0x000012b1      0x60f Drivers/STM32F1xx_HAL_Driver/Src/stm32f1xx_hal_gpio.o
 .debug_info    0x000018c0     0x1137 Drivers/STM32F1xx_HAL_Driver/Src/stm32f1xx_hal_pcd.o
 .debug_info    0x000029f7      0x5a7 Drivers/STM32F1xx_HAL_Driver/Src/stm32f1xx_hal_pcd_ex.o
 .debug_info    0x00002f9e     0x12ec Drivers/STM32F1xx_HAL_Driver/Src/stm32f1xx_hal_rcc.o
 .debug_info    0x0000428a      0x577 Drivers/STM32F1xx_HAL_Driver/Src/stm32f1xx_hal_rcc_ex.o
 .debug_info    0x00004801      0xe7a Drivers/STM32F1xx_HAL_Driver/Src/stm32f1xx_ll_usb.o
 .debug_info    0x0000567b      0xcfd Middlewares/ST/STM32_USB_Device_Library/Class/CDC/Src/usbd_cdc.o
 .debug_info    0x00006378      0xbed Middlewares/ST/STM32_USB_Device_Library/Core/Src/usbd_core.o
 .debug_info    0x00006f65      0xda3 Middlewares/ST/STM32_USB_Device_Library/Core/Src/usbd_ctlreq.o
 .debug_info    0x00007d08      0x765 Middlewares/ST/STM32_USB_Device_Library/Core/Src/usbd_ioreq.o
 .debug_info    0x0000846d     0x1897 Src/main.o
 .debug_info    0x00009d04      0x436 Src/stm32f1xx_hal_msp.o
 .debug_info    0x0000a13a      0x5aa Src/stm32f1xx_it.o
 .debug_info    0x0000a6e4      0x3eb Src/system_stm32f1xx.o
 .debug_info    0x0000aacf      0x619 Src/usb_device.o
 .debug_info    0x0000b0e8      0x854 Src/usbd_cdc_if.o
 .debug_info    0x0000b93c     0x17dd Src/usbd_conf.o
 .debug_info    0x0000d119      0x4f2 Src/usbd_desc.o
 .debug_info    0x0000d60b       0xa1 startup/startup_stm32f103xb.o

.debug_abbrev   0x00000000     0x2bd9
 .debug_abbrev  0x00000000      0x22f Drivers/STM32F1xx_HAL_Driver/Src/stm32f1xx_hal.o
 .debug_abbrev  0x0000022f      0x2e2 Drivers/STM32F1xx_HAL_Driver/Src/stm32f1xx_hal_cortex.o
 .debug_abbrev  0x00000511      0x1cb Drivers/STM32F1xx_HAL_Driver/Src/stm32f1xx_hal_gpio.o
 .debug_abbrev  0x000006dc      0x339 Drivers/STM32F1xx_HAL_Driver/Src/stm32f1xx_hal_pcd.o
 .debug_abbrev  0x00000a15      0x16e Drivers/STM32F1xx_HAL_Driver/Src/stm32f1xx_hal_pcd_ex.o
 .debug_abbrev  0x00000b83      0x2fd Drivers/STM32F1xx_HAL_Driver/Src/stm32f1xx_hal_rcc.o
 .debug_abbrev  0x00000e80      0x23e Drivers/STM32F1xx_HAL_Driver/Src/stm32f1xx_hal_rcc_ex.o
 .debug_abbrev  0x000010be      0x231 Drivers/STM32F1xx_HAL_Driver/Src/stm32f1xx_ll_usb.o
 .debug_abbrev  0x000012ef      0x24a Middlewares/ST/STM32_USB_Device_Library/Class/CDC/Src/usbd_cdc.o
 .debug_abbrev  0x00001539      0x273 Middlewares/ST/STM32_USB_Device_Library/Core/Src/usbd_core.o
 .debug_abbrev  0x000017ac      0x309 Middlewares/ST/STM32_USB_Device_Library/Core/Src/usbd_ctlreq.o
 .debug_abbrev  0x00001ab5      0x158 Middlewares/ST/STM32_USB_Device_Library/Core/Src/usbd_ioreq.o
 .debug_abbrev  0x00001c0d      0x3c7 Src/main.o
 .debug_abbrev  0x00001fd4      0x124 Src/stm32f1xx_hal_msp.o
 .debug_abbrev  0x000020f8      0x19c Src/stm32f1xx_it.o
 .debug_abbrev  0x00002294      0x125 Src/system_stm32f1xx.o
 .debug_abbrev  0x000023b9      0x173 Src/usb_device.o
 .debug_abbrev  0x0000252c      0x261 Src/usbd_cdc_if.o
 .debug_abbrev  0x0000278d      0x29a Src/usbd_conf.o
 .debug_abbrev  0x00002a27      0x1a0 Src/usbd_desc.o
 .debug_abbrev  0x00002bc7       0x12 startup/startup_stm32f103xb.o

.debug_loc      0x00000000     0x6a79
 .debug_loc     0x00000000       0x81 Drivers/STM32F1xx_HAL_Driver/Src/stm32f1xx_hal.o
 .debug_loc     0x00000081      0x5c9 Drivers/STM32F1xx_HAL_Driver/Src/stm32f1xx_hal_cortex.o
 .debug_loc     0x0000064a      0x3e1 Drivers/STM32F1xx_HAL_Driver/Src/stm32f1xx_hal_gpio.o
 .debug_loc     0x00000a2b      0xe15 Drivers/STM32F1xx_HAL_Driver/Src/stm32f1xx_hal_pcd.o
 .debug_loc     0x00001840       0xd6 Drivers/STM32F1xx_HAL_Driver/Src/stm32f1xx_hal_pcd_ex.o
 .debug_loc     0x00001916      0xa37 Drivers/STM32F1xx_HAL_Driver/Src/stm32f1xx_hal_rcc.o
 .debug_loc     0x0000234d      0x393 Drivers/STM32F1xx_HAL_Driver/Src/stm32f1xx_hal_rcc_ex.o
 .debug_loc     0x000026e0      0xf46 Drivers/STM32F1xx_HAL_Driver/Src/stm32f1xx_ll_usb.o
 .debug_loc     0x00003626      0x542 Middlewares/ST/STM32_USB_Device_Library/Class/CDC/Src/usbd_cdc.o
 .debug_loc     0x00003b68      0x727 Middlewares/ST/STM32_USB_Device_Library/Core/Src/usbd_core.o
 .debug_loc     0x0000428f      0xb24 Middlewares/ST/STM32_USB_Device_Library/Core/Src/usbd_ctlreq.o
 .debug_loc     0x00004db3      0x23c Middlewares/ST/STM32_USB_Device_Library/Core/Src/usbd_ioreq.o
 .debug_loc     0x00004fef      0xcc6 Src/main.o
 .debug_loc     0x00005cb5       0xcd Src/system_stm32f1xx.o
 .debug_loc     0x00005d82       0xe9 Src/usbd_cdc_if.o
 .debug_loc     0x00005e6b      0x99b Src/usbd_conf.o
 .debug_loc     0x00006806      0x273 Src/usbd_desc.o

.debug_aranges  0x00000000      0x8e0
 .debug_aranges
                0x00000000       0xa8 Drivers/STM32F1xx_HAL_Driver/Src/stm32f1xx_hal.o
 .debug_aranges
                0x000000a8       0x90 Drivers/STM32F1xx_HAL_Driver/Src/stm32f1xx_hal_cortex.o
 .debug_aranges
                0x00000138       0x58 Drivers/STM32F1xx_HAL_Driver/Src/stm32f1xx_hal_gpio.o
 .debug_aranges
                0x00000190       0xc0 Drivers/STM32F1xx_HAL_Driver/Src/stm32f1xx_hal_pcd.o
 .debug_aranges
                0x00000250       0x28 Drivers/STM32F1xx_HAL_Driver/Src/stm32f1xx_hal_pcd_ex.o
 .debug_aranges
                0x00000278       0x88 Drivers/STM32F1xx_HAL_Driver/Src/stm32f1xx_hal_rcc.o
 .debug_aranges
                0x00000300       0x30 Drivers/STM32F1xx_HAL_Driver/Src/stm32f1xx_hal_rcc_ex.o
 .debug_aranges
                0x00000330       0xe0 Drivers/STM32F1xx_HAL_Driver/Src/stm32f1xx_ll_usb.o
 .debug_aranges
                0x00000410       0x90 Middlewares/ST/STM32_USB_Device_Library/Class/CDC/Src/usbd_cdc.o
 .debug_aranges
                0x000004a0       0xa8 Middlewares/ST/STM32_USB_Device_Library/Core/Src/usbd_core.o
 .debug_aranges
                0x00000548       0x48 Middlewares/ST/STM32_USB_Device_Library/Core/Src/usbd_ctlreq.o
 .debug_aranges
                0x00000590       0x50 Middlewares/ST/STM32_USB_Device_Library/Core/Src/usbd_ioreq.o
 .debug_aranges
                0x000005e0       0x80 Src/main.o
 .debug_aranges
                0x00000660       0x20 Src/stm32f1xx_hal_msp.o
 .debug_aranges
                0x00000680       0x50 Src/stm32f1xx_it.o
 .debug_aranges
                0x000006d0       0x28 Src/system_stm32f1xx.o
 .debug_aranges
                0x000006f8       0x20 Src/usb_device.o
 .debug_aranges
                0x00000718       0x40 Src/usbd_cdc_if.o
 .debug_aranges
                0x00000758      0x110 Src/usbd_conf.o
 .debug_aranges
                0x00000868       0x50 Src/usbd_desc.o
 .debug_aranges
                0x000008b8       0x28 startup/startup_stm32f103xb.o

.debug_ranges   0x00000000      0xf58
 .debug_ranges  0x00000000       0xb0 Drivers/STM32F1xx_HAL_Driver/Src/stm32f1xx_hal.o
 .debug_ranges  0x000000b0      0x150 Drivers/STM32F1xx_HAL_Driver/Src/stm32f1xx_hal_cortex.o
 .debug_ranges  0x00000200       0x68 Drivers/STM32F1xx_HAL_Driver/Src/stm32f1xx_hal_gpio.o
 .debug_ranges  0x00000268      0x148 Drivers/STM32F1xx_HAL_Driver/Src/stm32f1xx_hal_pcd.o
 .debug_ranges  0x000003b0       0x18 Drivers/STM32F1xx_HAL_Driver/Src/stm32f1xx_hal_pcd_ex.o
 .debug_ranges  0x000003c8      0x298 Drivers/STM32F1xx_HAL_Driver/Src/stm32f1xx_hal_rcc.o
 .debug_ranges  0x00000660       0x88 Drivers/STM32F1xx_HAL_Driver/Src/stm32f1xx_hal_rcc_ex.o
 .debug_ranges  0x000006e8      0x2a8 Drivers/STM32F1xx_HAL_Driver/Src/stm32f1xx_ll_usb.o
 .debug_ranges  0x00000990       0x80 Middlewares/ST/STM32_USB_Device_Library/Class/CDC/Src/usbd_cdc.o
 .debug_ranges  0x00000a10       0x98 Middlewares/ST/STM32_USB_Device_Library/Core/Src/usbd_core.o
 .debug_ranges  0x00000aa8       0xe8 Middlewares/ST/STM32_USB_Device_Library/Core/Src/usbd_ctlreq.o
 .debug_ranges  0x00000b90       0x40 Middlewares/ST/STM32_USB_Device_Library/Core/Src/usbd_ioreq.o
 .debug_ranges  0x00000bd0      0x128 Src/main.o
 .debug_ranges  0x00000cf8       0x38 Src/stm32f1xx_hal_msp.o
 .debug_ranges  0x00000d30       0x40 Src/stm32f1xx_it.o
 .debug_ranges  0x00000d70       0x18 Src/system_stm32f1xx.o
 .debug_ranges  0x00000d88       0x10 Src/usb_device.o
 .debug_ranges  0x00000d98       0x30 Src/usbd_cdc_if.o
 .debug_ranges  0x00000dc8      0x130 Src/usbd_conf.o
 .debug_ranges  0x00000ef8       0x40 Src/usbd_desc.o
 .debug_ranges  0x00000f38       0x20 startup/startup_stm32f103xb.o

.debug_macro    0x00000000    0x1a905
 .debug_macro   0x00000000      0x304 Drivers/STM32F1xx_HAL_Driver/Src/stm32f1xx_hal.o
 .debug_macro   0x00000304      0x880 Drivers/STM32F1xx_HAL_Driver/Src/stm32f1xx_hal.o
 .debug_macro   0x00000b84       0x5e Drivers/STM32F1xx_HAL_Driver/Src/stm32f1xx_hal.o
 .debug_macro   0x00000be2      0x15b Drivers/STM32F1xx_HAL_Driver/Src/stm32f1xx_hal.o
 .debug_macro   0x00000d3d       0x2e Drivers/STM32F1xx_HAL_Driver/Src/stm32f1xx_hal.o
 .debug_macro   0x00000d6b       0x22 Drivers/STM32F1xx_HAL_Driver/Src/stm32f1xx_hal.o
 .debug_macro   0x00000d8d       0x22 Drivers/STM32F1xx_HAL_Driver/Src/stm32f1xx_hal.o
 .debug_macro   0x00000daf       0x87 Drivers/STM32F1xx_HAL_Driver/Src/stm32f1xx_hal.o
 .debug_macro   0x00000e36       0x44 Drivers/STM32F1xx_HAL_Driver/Src/stm32f1xx_hal.o
 .debug_macro   0x00000e7a       0xfd Drivers/STM32F1xx_HAL_Driver/Src/stm32f1xx_hal.o
 .debug_macro   0x00000f77       0x5e Drivers/STM32F1xx_HAL_Driver/Src/stm32f1xx_hal.o
 .debug_macro   0x00000fd5      0x1df Drivers/STM32F1xx_HAL_Driver/Src/stm32f1xx_hal.o
 .debug_macro   0x000011b4       0x34 Drivers/STM32F1xx_HAL_Driver/Src/stm32f1xx_hal.o
 .debug_macro   0x000011e8       0x34 Drivers/STM32F1xx_HAL_Driver/Src/stm32f1xx_hal.o
 .debug_macro   0x0000121c      0xb8e Drivers/STM32F1xx_HAL_Driver/Src/stm32f1xx_hal.o
 .debug_macro   0x00001daa     0xf2f7 Drivers/STM32F1xx_HAL_Driver/Src/stm32f1xx_hal.o
 .debug_macro   0x000110a1       0x43 Drivers/STM32F1xx_HAL_Driver/Src/stm32f1xx_hal.o
 .debug_macro   0x000110e4     0x3383 Drivers/STM32F1xx_HAL_Driver/Src/stm32f1xx_hal.o
 .debug_macro   0x00014467       0x52 Drivers/STM32F1xx_HAL_Driver/Src/stm32f1xx_hal.o
 .debug_macro   0x000144b9       0x35 Drivers/STM32F1xx_HAL_Driver/Src/stm32f1xx_hal.o
 .debug_macro   0x000144ee       0x9c Drivers/STM32F1xx_HAL_Driver/Src/stm32f1xx_hal.o
 .debug_macro   0x0001458a       0x16 Drivers/STM32F1xx_HAL_Driver/Src/stm32f1xx_hal.o
 .debug_macro   0x000145a0       0x97 Drivers/STM32F1xx_HAL_Driver/Src/stm32f1xx_hal.o
 .debug_macro   0x00014637      0x30d Drivers/STM32F1xx_HAL_Driver/Src/stm32f1xx_hal.o
 .debug_macro   0x00014944       0xfd Drivers/STM32F1xx_HAL_Driver/Src/stm32f1xx_hal.o
 .debug_macro   0x00014a41       0x10 Drivers/STM32F1xx_HAL_Driver/Src/stm32f1xx_hal.o
 .debug_macro   0x00014a51       0x52 Drivers/STM32F1xx_HAL_Driver/Src/stm32f1xx_hal.o
 .debug_macro   0x00014aa3       0x1f Drivers/STM32F1xx_HAL_Driver/Src/stm32f1xx_hal.o
 .debug_macro   0x00014ac2       0x43 Drivers/STM32F1xx_HAL_Driver/Src/stm32f1xx_hal.o
 .debug_macro   0x00014b05       0x20 Drivers/STM32F1xx_HAL_Driver/Src/stm32f1xx_hal.o
 .debug_macro   0x00014b25      0x187 Drivers/STM32F1xx_HAL_Driver/Src/stm32f1xx_hal.o
 .debug_macro   0x00014cac       0x10 Drivers/STM32F1xx_HAL_Driver/Src/stm32f1xx_hal.o
 .debug_macro   0x00014cbc       0x1c Drivers/STM32F1xx_HAL_Driver/Src/stm32f1xx_hal.o
 .debug_macro   0x00014cd8       0x52 Drivers/STM32F1xx_HAL_Driver/Src/stm32f1xx_hal.o
 .debug_macro   0x00014d2a       0x40 Drivers/STM32F1xx_HAL_Driver/Src/stm32f1xx_hal.o
 .debug_macro   0x00014d6a       0x10 Drivers/STM32F1xx_HAL_Driver/Src/stm32f1xx_hal.o
 .debug_macro   0x00014d7a       0x40 Drivers/STM32F1xx_HAL_Driver/Src/stm32f1xx_hal.o
 .debug_macro   0x00014dba       0xd7 Drivers/STM32F1xx_HAL_Driver/Src/stm32f1xx_hal.o
 .debug_macro   0x00014e91       0x16 Drivers/STM32F1xx_HAL_Driver/Src/stm32f1xx_hal.o
 .debug_macro   0x00014ea7      0x18b Drivers/STM32F1xx_HAL_Driver/Src/stm32f1xx_hal.o
 .debug_macro   0x00015032       0x50 Drivers/STM32F1xx_HAL_Driver/Src/stm32f1xx_hal.o
 .debug_macro   0x00015082      0x778 Drivers/STM32F1xx_HAL_Driver/Src/stm32f1xx_hal.o
 .debug_macro   0x000157fa      0x28b Drivers/STM32F1xx_HAL_Driver/Src/stm32f1xx_hal.o
 .debug_macro   0x00015a85      0x141 Drivers/STM32F1xx_HAL_Driver/Src/stm32f1xx_hal.o
 .debug_macro   0x00015bc6      0x197 Drivers/STM32F1xx_HAL_Driver/Src/stm32f1xx_hal.o
 .debug_macro   0x00015d5d      0x1ae Drivers/STM32F1xx_HAL_Driver/Src/stm32f1xx_hal.o
 .debug_macro   0x00015f0b       0x2d Drivers/STM32F1xx_HAL_Driver/Src/stm32f1xx_hal.o
 .debug_macro   0x00015f38       0x3c Drivers/STM32F1xx_HAL_Driver/Src/stm32f1xx_hal.o
 .debug_macro   0x00015f74       0x57 Drivers/STM32F1xx_HAL_Driver/Src/stm32f1xx_hal.o
 .debug_macro   0x00015fcb       0x8c Drivers/STM32F1xx_HAL_Driver/Src/stm32f1xx_hal.o
 .debug_macro   0x00016057      0x242 Drivers/STM32F1xx_HAL_Driver/Src/stm32f1xx_hal.o
 .debug_macro   0x00016299      0x143 Drivers/STM32F1xx_HAL_Driver/Src/stm32f1xx_hal.o
 .debug_macro   0x000163dc       0x50 Drivers/STM32F1xx_HAL_Driver/Src/stm32f1xx_hal.o
 .debug_macro   0x0001642c      0x26c Drivers/STM32F1xx_HAL_Driver/Src/stm32f1xx_hal.o
 .debug_macro   0x00016698       0x7c Drivers/STM32F1xx_HAL_Driver/Src/stm32f1xx_hal.o
 .debug_macro   0x00016714      0x2e0 Drivers/STM32F1xx_HAL_Driver/Src/stm32f1xx_hal_cortex.o
 .debug_macro   0x000169f4      0x350 Drivers/STM32F1xx_HAL_Driver/Src/stm32f1xx_hal_gpio.o
 .debug_macro   0x00016d44      0x2ec Drivers/STM32F1xx_HAL_Driver/Src/stm32f1xx_hal_pcd.o
 .debug_macro   0x00017030      0x2e0 Drivers/STM32F1xx_HAL_Driver/Src/stm32f1xx_hal_pcd_ex.o
 .debug_macro   0x00017310      0x304 Drivers/STM32F1xx_HAL_Driver/Src/stm32f1xx_hal_rcc.o
 .debug_macro   0x00017614      0x2e0 Drivers/STM32F1xx_HAL_Driver/Src/stm32f1xx_hal_rcc_ex.o
 .debug_macro   0x000178f4      0x2e0 Drivers/STM32F1xx_HAL_Driver/Src/stm32f1xx_ll_usb.o
 .debug_macro   0x00017bd4      0x396 Middlewares/ST/STM32_USB_Device_Library/Class/CDC/Src/usbd_cdc.o
 .debug_macro   0x00017f6a       0x4c Middlewares/ST/STM32_USB_Device_Library/Class/CDC/Src/usbd_cdc.o
 .debug_macro   0x00017fb6       0x8d Middlewares/ST/STM32_USB_Device_Library/Class/CDC/Src/usbd_cdc.o
 .debug_macro   0x00018043       0x4a Middlewares/ST/STM32_USB_Device_Library/Class/CDC/Src/usbd_cdc.o
 .debug_macro   0x0001808d       0x16 Middlewares/ST/STM32_USB_Device_Library/Class/CDC/Src/usbd_cdc.o
 .debug_macro   0x000180a3       0x35 Middlewares/ST/STM32_USB_Device_Library/Class/CDC/Src/usbd_cdc.o
 .debug_macro   0x000180d8       0x16 Middlewares/ST/STM32_USB_Device_Library/Class/CDC/Src/usbd_cdc.o
 .debug_macro   0x000180ee       0x29 Middlewares/ST/STM32_USB_Device_Library/Class/CDC/Src/usbd_cdc.o
 .debug_macro   0x00018117       0x16 Middlewares/ST/STM32_USB_Device_Library/Class/CDC/Src/usbd_cdc.o
 .debug_macro   0x0001812d       0x6b Middlewares/ST/STM32_USB_Device_Library/Class/CDC/Src/usbd_cdc.o
 .debug_macro   0x00018198      0x1c3 Middlewares/ST/STM32_USB_Device_Library/Class/CDC/Src/usbd_cdc.o
 .debug_macro   0x0001835b       0x83 Middlewares/ST/STM32_USB_Device_Library/Class/CDC/Src/usbd_cdc.o
 .debug_macro   0x000183de      0x37d Middlewares/ST/STM32_USB_Device_Library/Core/Src/usbd_core.o
 .debug_macro   0x0001875b      0x37d Middlewares/ST/STM32_USB_Device_Library/Core/Src/usbd_ctlreq.o
 .debug_macro   0x00018ad8      0x379 Middlewares/ST/STM32_USB_Device_Library/Core/Src/usbd_ioreq.o
 .debug_macro   0x00018e51      0x365 Src/main.o
 .debug_macro   0x000191b6      0x2e0 Src/stm32f1xx_hal_msp.o
 .debug_macro   0x00019496      0x2ea Src/stm32f1xx_it.o
 .debug_macro   0x00019780      0x2e6 Src/system_stm32f1xx.o
 .debug_macro   0x00019a66      0x3b4 Src/usb_device.o
 .debug_macro   0x00019e1a      0x39e Src/usbd_cdc_if.o
 .debug_macro   0x0001a1b8      0x396 Src/usbd_conf.o
 .debug_macro   0x0001a54e      0x3b7 Src/usbd_desc.o

.debug_line     0x00000000     0xd456
 .debug_line    0x00000000      0x9a0 Drivers/STM32F1xx_HAL_Driver/Src/stm32f1xx_hal.o
 .debug_line    0x000009a0      0xa32 Drivers/STM32F1xx_HAL_Driver/Src/stm32f1xx_hal_cortex.o
 .debug_line    0x000013d2      0xa74 Drivers/STM32F1xx_HAL_Driver/Src/stm32f1xx_hal_gpio.o
 .debug_line    0x00001e46      0xd5c Drivers/STM32F1xx_HAL_Driver/Src/stm32f1xx_hal_pcd.o
 .debug_line    0x00002ba2      0x86c Drivers/STM32F1xx_HAL_Driver/Src/stm32f1xx_hal_pcd_ex.o
 .debug_line    0x0000340e      0xecb Drivers/STM32F1xx_HAL_Driver/Src/stm32f1xx_hal_rcc.o
 .debug_line    0x000042d9      0x9a6 Drivers/STM32F1xx_HAL_Driver/Src/stm32f1xx_hal_rcc_ex.o
 .debug_line    0x00004c7f      0xc22 Drivers/STM32F1xx_HAL_Driver/Src/stm32f1xx_ll_usb.o
 .debug_line    0x000058a1      0xbaa Middlewares/ST/STM32_USB_Device_Library/Class/CDC/Src/usbd_cdc.o
 .debug_line    0x0000644b      0xb57 Middlewares/ST/STM32_USB_Device_Library/Core/Src/usbd_core.o
 .debug_line    0x00006fa2      0xad7 Middlewares/ST/STM32_USB_Device_Library/Core/Src/usbd_ctlreq.o
 .debug_line    0x00007a79      0x9ee Middlewares/ST/STM32_USB_Device_Library/Core/Src/usbd_ioreq.o
 .debug_line    0x00008467      0xbd8 Src/main.o
 .debug_line    0x0000903f      0x83b Src/stm32f1xx_hal_msp.o
 .debug_line    0x0000987a      0x89d Src/stm32f1xx_it.o
 .debug_line    0x0000a117      0x879 Src/system_stm32f1xx.o
 .debug_line    0x0000a990      0xa10 Src/usb_device.o
 .debug_line    0x0000b3a0      0xa3f Src/usbd_cdc_if.o
 .debug_line    0x0000bddf      0xc3d Src/usbd_conf.o
 .debug_line    0x0000ca1c      0x9bd Src/usbd_desc.o
 .debug_line    0x0000d3d9       0x7d startup/startup_stm32f103xb.o

.debug_str      0x00000000    0x8871e
 .debug_str     0x00000000    0x854a9 Drivers/STM32F1xx_HAL_Driver/Src/stm32f1xx_hal.o
                              0x85986 (size before relaxing)
 .debug_str     0x000854a9      0x2cf Drivers/STM32F1xx_HAL_Driver/Src/stm32f1xx_hal_cortex.o
                              0x85990 (size before relaxing)
 .debug_str     0x00085778      0x453 Drivers/STM32F1xx_HAL_Driver/Src/stm32f1xx_hal_gpio.o
                              0x85775 (size before relaxing)
 .debug_str     0x00085bcb      0x6d8 Drivers/STM32F1xx_HAL_Driver/Src/stm32f1xx_hal_pcd.o
                              0x85a4d (size before relaxing)
 .debug_str     0x000862a3       0x57 Drivers/STM32F1xx_HAL_Driver/Src/stm32f1xx_hal_pcd_ex.o
                              0x85622 (size before relaxing)
 .debug_str     0x000862fa      0x3e2 Drivers/STM32F1xx_HAL_Driver/Src/stm32f1xx_hal_rcc.o
                              0x857e0 (size before relaxing)
 .debug_str     0x000866dc      0x12b Drivers/STM32F1xx_HAL_Driver/Src/stm32f1xx_hal_rcc_ex.o
                              0x854b3 (size before relaxing)
 .debug_str     0x00086807      0x124 Drivers/STM32F1xx_HAL_Driver/Src/stm32f1xx_ll_usb.o
                              0x8579f (size before relaxing)
 .debug_str     0x0008692b     0x12af Middlewares/ST/STM32_USB_Device_Library/Class/CDC/Src/usbd_cdc.o
                              0x86674 (size before relaxing)
 .debug_str     0x00087bda      0x27c Middlewares/ST/STM32_USB_Device_Library/Core/Src/usbd_core.o
                              0x86325 (size before relaxing)
 .debug_str     0x00087e56      0x12e Middlewares/ST/STM32_USB_Device_Library/Core/Src/usbd_ctlreq.o
                              0x86257 (size before relaxing)
 .debug_str     0x00087f84       0x51 Middlewares/ST/STM32_USB_Device_Library/Core/Src/usbd_ioreq.o
                              0x86184 (size before relaxing)
 .debug_str     0x00087fd5      0x1a3 Src/main.o
                              0x8641e (size before relaxing)
 .debug_str     0x00088178       0x27 Src/stm32f1xx_hal_msp.o
                              0x85606 (size before relaxing)
 .debug_str     0x0008819f       0x9b Src/stm32f1xx_it.o
                              0x8564f (size before relaxing)
 .debug_str     0x0008823a       0x61 Src/system_stm32f1xx.o
                              0x853a6 (size before relaxing)
 .debug_str     0x0008829b       0x51 Src/usb_device.o
                              0x863ef (size before relaxing)
 .debug_str     0x000882ec       0x91 Src/usbd_cdc_if.o
                              0x86501 (size before relaxing)
 .debug_str     0x0008837d      0x176 Src/usbd_conf.o
                              0x86eb3 (size before relaxing)
 .debug_str     0x000884f3      0x22b Src/usbd_desc.o
                              0x86013 (size before relaxing)

.comment        0x00000000       0x6e
 .comment       0x00000000       0x6e Drivers/STM32F1xx_HAL_Driver/Src/stm32f1xx_hal.o
                                 0x6f (size before relaxing)
 .comment       0x0000006e       0x6f Drivers/STM32F1xx_HAL_Driver/Src/stm32f1xx_hal_cortex.o
 .comment       0x0000006e       0x6f Drivers/STM32F1xx_HAL_Driver/Src/stm32f1xx_hal_gpio.o
 .comment       0x0000006e       0x6f Drivers/STM32F1xx_HAL_Driver/Src/stm32f1xx_hal_pcd.o
 .comment       0x0000006e       0x6f Drivers/STM32F1xx_HAL_Driver/Src/stm32f1xx_hal_pcd_ex.o
 .comment       0x0000006e       0x6f Drivers/STM32F1xx_HAL_Driver/Src/stm32f1xx_hal_rcc.o
 .comment       0x0000006e       0x6f Drivers/STM32F1xx_HAL_Driver/Src/stm32f1xx_hal_rcc_ex.o
 .comment       0x0000006e       0x6f Drivers/STM32F1xx_HAL_Driver/Src/stm32f1xx_ll_usb.o
 .comment       0x0000006e       0x6f Middlewares/ST/STM32_USB_Device_Library/Class/CDC/Src/usbd_cdc.o
 .comment       0x0000006e       0x6f Middlewares/ST/STM32_USB_Device_Library/Core/Src/usbd_core.o
 .comment       0x0000006e       0x6f Middlewares/ST/STM32_USB_Device_Library/Core/Src/usbd_ctlreq.o
 .comment       0x0000006e       0x6f Middlewares/ST/STM32_USB_Device_Library/Core/Src/usbd_ioreq.o
 .comment       0x0000006e       0x6f Src/main.o
 .comment       0x0000006e       0x6f Src/stm32f1xx_hal_msp.o
 .comment       0x0000006e       0x6f Src/stm32f1xx_it.o
 .comment       0x0000006e       0x6f Src/system_stm32f1xx.o
 .comment       0x0000006e       0x6f Src/usb_device.o
 .comment       0x0000006e       0x6f Src/usbd_cdc_if.o
 .comment       0x0000006e       0x6f Src/usbd_conf.o
 .comment       0x0000006e       0x6f Src/usbd_desc.o

.debug_frame    0x00000000     0x1830
 .debug_frame   0x00000000      0x168 Drivers/STM32F1xx_HAL_Driver/Src/stm32f1xx_hal.o
 .debug_frame   0x00000168      0x13c Drivers/STM32F1xx_HAL_Driver/Src/stm32f1xx_hal_cortex.o
 .debug_frame   0x000002a4       0xec Drivers/STM32F1xx_HAL_Driver/Src/stm32f1xx_hal_gpio.o
 .debug_frame   0x00000390      0x2f0 Drivers/STM32F1xx_HAL_Driver/Src/stm32f1xx_hal_pcd.o
 .debug_frame   0x00000680       0x30 Drivers/STM32F1xx_HAL_Driver/Src/stm32f1xx_hal_pcd_ex.o
 .debug_frame   0x000006b0      0x198 Drivers/STM32F1xx_HAL_Driver/Src/stm32f1xx_hal_rcc.o
 .debug_frame   0x00000848       0x84 Drivers/STM32F1xx_HAL_Driver/Src/stm32f1xx_hal_rcc_ex.o
 .debug_frame   0x000008cc      0x28c Drivers/STM32F1xx_HAL_Driver/Src/stm32f1xx_ll_usb.o
 .debug_frame   0x00000b58      0x150 Middlewares/ST/STM32_USB_Device_Library/Class/CDC/Src/usbd_cdc.o
 .debug_frame   0x00000ca8      0x1c0 Middlewares/ST/STM32_USB_Device_Library/Core/Src/usbd_core.o
 .debug_frame   0x00000e68       0xbc Middlewares/ST/STM32_USB_Device_Library/Core/Src/usbd_ctlreq.o
 .debug_frame   0x00000f24       0xc0 Middlewares/ST/STM32_USB_Device_Library/Core/Src/usbd_ioreq.o
 .debug_frame   0x00000fe4      0x194 Src/main.o
 .debug_frame   0x00001178       0x2c Src/stm32f1xx_hal_msp.o
 .debug_frame   0x000011a4       0xbc Src/stm32f1xx_it.o
 .debug_frame   0x00001260       0x3c Src/system_stm32f1xx.o
 .debug_frame   0x0000129c       0x2c Src/usb_device.o
 .debug_frame   0x000012c8       0x7c Src/usbd_cdc_if.o
 .debug_frame   0x00001344      0x28c Src/usbd_conf.o
 .debug_frame   0x000015d0       0xa8 Src/usbd_desc.o
 .debug_frame   0x00001678       0x2c f:/ac6/systemworkbench/plugins/fr.ac6.mcu.externaltools.arm-none.win32_1.13.1.201701261202/tools/compiler/bin/../lib/gcc/arm-none-eabi/5.4.1/../../../../arm-none-eabi/lib/armv7-m\libc_nano.a(lib_a-init.o)
 .debug_frame   0x000016a4       0x84 f:/ac6/systemworkbench/plugins/fr.ac6.mcu.externaltools.arm-none.win32_1.13.1.201701261202/tools/compiler/bin/../lib/gcc/arm-none-eabi/5.4.1/../../../../arm-none-eabi/lib/armv7-m\libc_nano.a(lib_a-strtol.o)
 .debug_frame   0x00001728       0x88 f:/ac6/systemworkbench/plugins/fr.ac6.mcu.externaltools.arm-none.win32_1.13.1.201701261202/tools/compiler/bin/../lib/gcc/arm-none-eabi/5.4.1/../../../../arm-none-eabi/lib/armv7-m\libc_nano.a(lib_a-locale.o)
 .debug_frame   0x000017b0       0x44 f:/ac6/systemworkbench/plugins/fr.ac6.mcu.externaltools.arm-none.win32_1.13.1.201701261202/tools/compiler/bin/../lib/gcc/arm-none-eabi/5.4.1/../../../../arm-none-eabi/lib/armv7-m\libc_nano.a(lib_a-mbtowc_r.o)
 .debug_frame   0x000017f4       0x3c f:/ac6/systemworkbench/plugins/fr.ac6.mcu.externaltools.arm-none.win32_1.13.1.201701261202/tools/compiler/bin/../lib/gcc/arm-none-eabi/5.4.1/../../../../arm-none-eabi/lib/armv7-m\libc_nano.a(lib_a-wctomb_r.o)
